// Jest Snapshot v1, https://goo.gl/fbAQLP

exports[`generateLinkedList should generate linked list from values 2 1`] = `
{
  "next": {
    "next": {
      "next": null,
      "value": null,
    },
    "value": {
      "id": 4,
      "name": "Islam",
    },
  },
  "value": {
    "id": 3,
    "name": "Begis",
  },
}
`;
